------------------------------------------------------------
Timing Analyzer Summary
------------------------------------------------------------

Type  : Slow 1200mV 85C Model Setup 'Clock'
Slack : -2.531
TNS   : -11.160

Type  : Slow 1200mV 85C Model Setup 'debouncer:inst9|clock_divider_1024:inst|inst10'
Slack : -2.239
TNS   : -7.396

Type  : Slow 1200mV 85C Model Setup 'CountUp:inst41|clock_divider_1024:inst4|inst10'
Slack : -2.227
TNS   : -7.983

Type  : Slow 1200mV 85C Model Setup 'debouncer:inst9|inst2'
Slack : -0.076
TNS   : -1.182

Type  : Slow 1200mV 85C Model Setup 'CountUp:inst41|clock_divider_1024:inst3|inst10'
Slack : -0.071
TNS   : -0.313

Type  : Slow 1200mV 85C Model Hold 'Clock'
Slack : 0.401
TNS   : 0.000

Type  : Slow 1200mV 85C Model Hold 'debouncer:inst9|clock_divider_1024:inst|inst10'
Slack : 0.402
TNS   : 0.000

Type  : Slow 1200mV 85C Model Hold 'CountUp:inst41|clock_divider_1024:inst4|inst10'
Slack : 0.403
TNS   : 0.000

Type  : Slow 1200mV 85C Model Hold 'CountUp:inst41|clock_divider_1024:inst3|inst10'
Slack : 0.432
TNS   : 0.000

Type  : Slow 1200mV 85C Model Hold 'debouncer:inst9|inst2'
Slack : 0.452
TNS   : 0.000

Type  : Slow 1200mV 85C Model Minimum Pulse Width 'Clock'
Slack : -3.000
TNS   : -17.135

Type  : Slow 1200mV 85C Model Minimum Pulse Width 'debouncer:inst9|inst2'
Slack : -1.285
TNS   : -41.120

Type  : Slow 1200mV 85C Model Minimum Pulse Width 'CountUp:inst41|clock_divider_1024:inst4|inst10'
Slack : -1.285
TNS   : -12.850

Type  : Slow 1200mV 85C Model Minimum Pulse Width 'debouncer:inst9|clock_divider_1024:inst|inst10'
Slack : -1.285
TNS   : -12.850

Type  : Slow 1200mV 85C Model Minimum Pulse Width 'CountUp:inst41|clock_divider_1024:inst3|inst10'
Slack : -1.285
TNS   : -10.280

Type  : Slow 1200mV 85C Model Minimum Pulse Width 'debouncer:inst9|clock_divider_1024:inst1|inst10'
Slack : -1.285
TNS   : -1.285

Type  : Slow 1200mV 0C Model Setup 'Clock'
Slack : -2.237
TNS   : -9.247

Type  : Slow 1200mV 0C Model Setup 'debouncer:inst9|clock_divider_1024:inst|inst10'
Slack : -1.968
TNS   : -5.827

Type  : Slow 1200mV 0C Model Setup 'CountUp:inst41|clock_divider_1024:inst4|inst10'
Slack : -1.961
TNS   : -6.340

Type  : Slow 1200mV 0C Model Setup 'debouncer:inst9|inst2'
Slack : 0.020
TNS   : 0.000

Type  : Slow 1200mV 0C Model Setup 'CountUp:inst41|clock_divider_1024:inst3|inst10'
Slack : 0.025
TNS   : 0.000

Type  : Slow 1200mV 0C Model Hold 'Clock'
Slack : 0.352
TNS   : 0.000

Type  : Slow 1200mV 0C Model Hold 'CountUp:inst41|clock_divider_1024:inst4|inst10'
Slack : 0.353
TNS   : 0.000

Type  : Slow 1200mV 0C Model Hold 'debouncer:inst9|clock_divider_1024:inst|inst10'
Slack : 0.353
TNS   : 0.000

Type  : Slow 1200mV 0C Model Hold 'CountUp:inst41|clock_divider_1024:inst3|inst10'
Slack : 0.399
TNS   : 0.000

Type  : Slow 1200mV 0C Model Hold 'debouncer:inst9|inst2'
Slack : 0.417
TNS   : 0.000

Type  : Slow 1200mV 0C Model Minimum Pulse Width 'Clock'
Slack : -3.000
TNS   : -17.135

Type  : Slow 1200mV 0C Model Minimum Pulse Width 'debouncer:inst9|inst2'
Slack : -1.285
TNS   : -41.120

Type  : Slow 1200mV 0C Model Minimum Pulse Width 'CountUp:inst41|clock_divider_1024:inst4|inst10'
Slack : -1.285
TNS   : -12.850

Type  : Slow 1200mV 0C Model Minimum Pulse Width 'debouncer:inst9|clock_divider_1024:inst|inst10'
Slack : -1.285
TNS   : -12.850

Type  : Slow 1200mV 0C Model Minimum Pulse Width 'CountUp:inst41|clock_divider_1024:inst3|inst10'
Slack : -1.285
TNS   : -10.280

Type  : Slow 1200mV 0C Model Minimum Pulse Width 'debouncer:inst9|clock_divider_1024:inst1|inst10'
Slack : -1.285
TNS   : -1.285

Type  : Fast 1200mV 0C Model Setup 'Clock'
Slack : -0.780
TNS   : -1.612

Type  : Fast 1200mV 0C Model Setup 'debouncer:inst9|clock_divider_1024:inst|inst10'
Slack : -0.600
TNS   : -0.608

Type  : Fast 1200mV 0C Model Setup 'CountUp:inst41|clock_divider_1024:inst4|inst10'
Slack : -0.579
TNS   : -0.632

Type  : Fast 1200mV 0C Model Setup 'debouncer:inst9|inst2'
Slack : 0.493
TNS   : 0.000

Type  : Fast 1200mV 0C Model Setup 'CountUp:inst41|clock_divider_1024:inst3|inst10'
Slack : 0.497
TNS   : 0.000

Type  : Fast 1200mV 0C Model Hold 'Clock'
Slack : 0.180
TNS   : 0.000

Type  : Fast 1200mV 0C Model Hold 'CountUp:inst41|clock_divider_1024:inst4|inst10'
Slack : 0.181
TNS   : 0.000

Type  : Fast 1200mV 0C Model Hold 'debouncer:inst9|clock_divider_1024:inst|inst10'
Slack : 0.181
TNS   : 0.000

Type  : Fast 1200mV 0C Model Hold 'CountUp:inst41|clock_divider_1024:inst3|inst10'
Slack : 0.190
TNS   : 0.000

Type  : Fast 1200mV 0C Model Hold 'debouncer:inst9|inst2'
Slack : 0.201
TNS   : 0.000

Type  : Fast 1200mV 0C Model Minimum Pulse Width 'Clock'
Slack : -3.000
TNS   : -14.660

Type  : Fast 1200mV 0C Model Minimum Pulse Width 'debouncer:inst9|inst2'
Slack : -1.000
TNS   : -32.000

Type  : Fast 1200mV 0C Model Minimum Pulse Width 'CountUp:inst41|clock_divider_1024:inst4|inst10'
Slack : -1.000
TNS   : -10.000

Type  : Fast 1200mV 0C Model Minimum Pulse Width 'debouncer:inst9|clock_divider_1024:inst|inst10'
Slack : -1.000
TNS   : -10.000

Type  : Fast 1200mV 0C Model Minimum Pulse Width 'CountUp:inst41|clock_divider_1024:inst3|inst10'
Slack : -1.000
TNS   : -8.000

Type  : Fast 1200mV 0C Model Minimum Pulse Width 'debouncer:inst9|clock_divider_1024:inst1|inst10'
Slack : -1.000
TNS   : -1.000

------------------------------------------------------------
